// Jest Snapshot v1, https://goo.gl/fbAQLP

exports[`<Hello/> Component matches snapshot 1`] = `
<p>
  Hello 
  Lorem
</p>
`;
